<html>
<body>
<pre>
<h1>µVision Build Log</h1>
<h2>Project:</h2>
C:\Users\Jesus Luciano\Desktop\RobotCar\Project1\PWM.uvproj
Project File Date:  09/06/2018

<h2>Output:</h2>
Rebuild target 'PWM'
assembling startup.s...
compiling PLL.c...
compiling PWM.c...
compiling PWMtest.c...
linking...
Program Size: Code=2128 RO-data=32 RW-data=8 ZI-data=1120  
".\PWM.axf" - 0 Error(s), 0 Warning(s).
Load "C:\\Users\\Jesus Luciano\\Desktop\\RobotCar\\Project1\\PWM.axf" 
Connecting: Mode=JTAG, Speed=1000000Hz
Connection failed!, error code=&d
Error: Flash Download failed  -  Target DLL has been cancelled
Load "C:\\Users\\Jesus Luciano\\Desktop\\RobotCar\\Project1\\PWM.axf" 
Connecting: Mode=JTAG, Speed=1000000Hz
Erase Done.
Programming Done.
Verify OK.
</pre>
</body>
</html>
rget DLL has been cancelled
Load "C:\\Users\\Jesus Luciano\\Desktop\\RobotCar\\Project1\\PWM.axf" 
Connecting: Mode=JTAG, Speed=1000000Hz
Erase Done.
Programming Done.
Verify OK.
