<html>
<body>
<pre>
<h1>µVision Build Log</h1>
<h2>Project:</h2>
C:\Users\Jesus Luciano\Desktop\New folder\RobotCar-master\Project3\PWM.uvproj
Project File Date:  12/12/2018

<h2>Output:</h2>
Rebuild target 'PWM'
assembling startup.s...
compiling PLL.c...
compiling PWM.c...
compiling Nokia5110.c...
compiling ADCSWTrigger.c...
linking...
Program Size: Code=3920 RO-data=512 RW-data=196 ZI-data=1124  
".\PWM.axf" - 0 Error(s), 0 Warning(s).
Load "C:\\Users\\Jesus Luciano\\Desktop\\New folder\\RobotCar-master\\Project3\\PWM.axf" 
Connecting: Mode=JTAG, Speed=1000000Hz
Connection failed!, error code=&d
Error: Flash Download failed  -  Target DLL has been cancelled
Load "C:\\Users\\Jesus Luciano\\Desktop\\New folder\\RobotCar-master\\Project3\\PWM.axf" 
Connecting: Mode=JTAG, Speed=1000000Hz
Erase Done.
Programming Done.
Verify OK.
</pre>
</body>
</html>
