<html>
<body>
<pre>
<h1>µVision Build Log</h1>
<h2>Project:</h2>
C:\Users\ajlpi\Documents\GitHub\RobotCar\Project2\PWM.uvproj
Project File Date:  10/31/2018

<h2>Output:</h2>
Rebuild target 'PWM'
assembling startup.s...
compiling PLL.c...
compiling PWM.c...
compiling Nokia5110.c...
compiling ADCSWTrigger.c...
linking...
Program Size: Code=3548 RO-data=512 RW-data=180 ZI-data=1124  
".\PWM.axf" - 0 Error(s), 0 Warning(s).
Load "C:\\Users\\ajlpi\\Documents\\GitHub\\RobotCar\\Project2\\PWM.axf" 
Connecting: Mode=JTAG, Speed=1000000Hz
Erase Done.
Programming Done.
Verify OK.
