<html>
<body>
<pre>
<h1>µVision Build Log</h1>
<h2>Project:</h2>
C:\Users\ajlpi\Documents\GitHub\RobotCar\Lab3\PWM.uvproj
Project File Date:  10/08/2018

<h2>Output:</h2>
Rebuild target 'PWM'
assembling startup.s...
compiling PLL.c...
compiling PWM.c...
linking...
Program Size: Code=2388 RO-data=32 RW-data=16 ZI-data=1120  
".\PWM.axf" - 0 Error(s), 0 Warning(s).
Load "C:\\Users\\ajlpi\\Documents\\GitHub\\RobotCar\\Lab3\\PWM.axf" 
Connecting: Mode=JTAG, Speed=1000000Hz
Erase Done.
Programming Done.
Verify OK.
Clean started: Project: 'PWM'
   deleting intermediate output files for target 'PWM'
axf" - 0 Error(s), 2 Warning(s).
Load "C:\\Users\\ajlpi\\Documents\\GitHub\\RobotCar\\Lab3\\PWM.axf" 
Connecting: Mode=JTAG, Speed=1000000Hz
Erase Done.
Programming Done.
Verify OK.
ot enough information to list image symbols.
Not enough information to list the image map.
Finished: 2 information, 0 warning and 2 error messages.
".\PWM.axf" - 2 Error(s), 3 Warning(s).
Target not created
