<html>
<body>
<pre>
<h1>µVision Build Log</h1>
<h2>Project:</h2>
C:\Users\ajlpi\Documents\GitHub\RobotCar\Lab3\PWM.uvproj
Project File Date:  10/09/2018

<h2>Output:</h2>
Rebuild target 'PWM'
assembling startup.s...
compiling PLL.c...
compiling PWM.c...
compiling Nokia5110.c...
linking...
Program Size: Code=3256 RO-data=512 RW-data=16 ZI-data=1120  
".\PWM.axf" - 0 Error(s), 0 Warning(s).
Load "C:\\Users\\ajlpi\\Documents\\GitHub\\RobotCar\\Lab3\\PWM.axf" 
Connecting: Mode=JTAG, Speed=1000000Hz
Erase Done.
Programming Done.
Verify OK.
ash Download failed  -  Target DLL has been cancelled
Load "C:\\Users\\ajlpi\\Documents\\GitHub\\RobotCar\\Lab3\\PWM.axf" 
Connecting: Mode=JTAG, Speed=1000000Hz
Erase Done.
Programming Done.
Verify OK.
